        Info Looking up installed tauri packages to check mismatched versions...
     Running beforeBuildCommand `npm run build`
[vite] '@vitejs/plugin-basic-ssl' not found, starting without HTTPS support.
[vite] Optional dependency "vite-plugin-vue-devtools" (Vue DevTools) not found; continuing without it.
DEPRECATION WARNING [legacy-js-api]: The legacy JS API is deprecated and will be removed in Dart Sass 2.0.0.

More info: https://sass-lang.com/d/legacy-js-api

DEPRECATION WARNING [legacy-js-api]: The legacy JS API is deprecated and will be removed in Dart Sass 2.0.0.

More info: https://sass-lang.com/d/legacy-js-api

DEPRECATION WARNING [legacy-js-api]: The legacy JS API is deprecated and will be removed in Dart Sass 2.0.0.

More info: https://sass-lang.com/d/legacy-js-api

DEPRECATION WARNING [legacy-js-api]: The legacy JS API is deprecated and will be removed in Dart Sass 2.0.0.

More info: https://sass-lang.com/d/legacy-js-api

DEPRECATION WARNING [legacy-js-api]: The legacy JS API is deprecated and will be removed in Dart Sass 2.0.0.

More info: https://sass-lang.com/d/legacy-js-api

DEPRECATION WARNING [legacy-js-api]: The legacy JS API is deprecated and will be removed in Dart Sass 2.0.0.

More info: https://sass-lang.com/d/legacy-js-api

DEPRECATION WARNING [legacy-js-api]: The legacy JS API is deprecated and will be removed in Dart Sass 2.0.0.

More info: https://sass-lang.com/d/legacy-js-api

DEPRECATION WARNING [legacy-js-api]: The legacy JS API is deprecated and will be removed in Dart Sass 2.0.0.

More info: https://sass-lang.com/d/legacy-js-api

DEPRECATION WARNING [legacy-js-api]: The legacy JS API is deprecated and will be removed in Dart Sass 2.0.0.

More info: https://sass-lang.com/d/legacy-js-api

DEPRECATION WARNING [legacy-js-api]: The legacy JS API is deprecated and will be removed in Dart Sass 2.0.0.

More info: https://sass-lang.com/d/legacy-js-api

DEPRECATION WARNING [legacy-js-api]: The legacy JS API is deprecated and will be removed in Dart Sass 2.0.0.

More info: https://sass-lang.com/d/legacy-js-api

DEPRECATION WARNING [legacy-js-api]: The legacy JS API is deprecated and will be removed in Dart Sass 2.0.0.

More info: https://sass-lang.com/d/legacy-js-api

DEPRECATION WARNING [legacy-js-api]: The legacy JS API is deprecated and will be removed in Dart Sass 2.0.0.

More info: https://sass-lang.com/d/legacy-js-api

DEPRECATION WARNING [legacy-js-api]: The legacy JS API is deprecated and will be removed in Dart Sass 2.0.0.

More info: https://sass-lang.com/d/legacy-js-api

DEPRECATION WARNING [legacy-js-api]: The legacy JS API is deprecated and will be removed in Dart Sass 2.0.0.

More info: https://sass-lang.com/d/legacy-js-api

DEPRECATION WARNING [legacy-js-api]: The legacy JS API is deprecated and will be removed in Dart Sass 2.0.0.

More info: https://sass-lang.com/d/legacy-js-api

DEPRECATION WARNING [legacy-js-api]: The legacy JS API is deprecated and will be removed in Dart Sass 2.0.0.

More info: https://sass-lang.com/d/legacy-js-api

DEPRECATION WARNING [legacy-js-api]: The legacy JS API is deprecated and will be removed in Dart Sass 2.0.0.

More info: https://sass-lang.com/d/legacy-js-api

DEPRECATION WARNING [legacy-js-api]: The legacy JS API is deprecated and will be removed in Dart Sass 2.0.0.

More info: https://sass-lang.com/d/legacy-js-api

DEPRECATION WARNING [legacy-js-api]: The legacy JS API is deprecated and will be removed in Dart Sass 2.0.0.

More info: https://sass-lang.com/d/legacy-js-api

DEPRECATION WARNING [legacy-js-api]: The legacy JS API is deprecated and will be removed in Dart Sass 2.0.0.

More info: https://sass-lang.com/d/legacy-js-api

DEPRECATION WARNING [legacy-js-api]: The legacy JS API is deprecated and will be removed in Dart Sass 2.0.0.

More info: https://sass-lang.com/d/legacy-js-api

DEPRECATION WARNING [legacy-js-api]: The legacy JS API is deprecated and will be removed in Dart Sass 2.0.0.

More info: https://sass-lang.com/d/legacy-js-api

DEPRECATION WARNING [legacy-js-api]: The legacy JS API is deprecated and will be removed in Dart Sass 2.0.0.

More info: https://sass-lang.com/d/legacy-js-api

DEPRECATION WARNING [legacy-js-api]: The legacy JS API is deprecated and will be removed in Dart Sass 2.0.0.

More info: https://sass-lang.com/d/legacy-js-api

DEPRECATION WARNING [legacy-js-api]: The legacy JS API is deprecated and will be removed in Dart Sass 2.0.0.

More info: https://sass-lang.com/d/legacy-js-api

DEPRECATION WARNING [legacy-js-api]: The legacy JS API is deprecated and will be removed in Dart Sass 2.0.0.

More info: https://sass-lang.com/d/legacy-js-api

DEPRECATION WARNING [legacy-js-api]: The legacy JS API is deprecated and will be removed in Dart Sass 2.0.0.

More info: https://sass-lang.com/d/legacy-js-api

DEPRECATION WARNING [legacy-js-api]: The legacy JS API is deprecated and will be removed in Dart Sass 2.0.0.

More info: https://sass-lang.com/d/legacy-js-api

DEPRECATION WARNING [legacy-js-api]: The legacy JS API is deprecated and will be removed in Dart Sass 2.0.0.

More info: https://sass-lang.com/d/legacy-js-api

DEPRECATION WARNING [legacy-js-api]: The legacy JS API is deprecated and will be removed in Dart Sass 2.0.0.

More info: https://sass-lang.com/d/legacy-js-api

DEPRECATION WARNING [legacy-js-api]: The legacy JS API is deprecated and will be removed in Dart Sass 2.0.0.

More info: https://sass-lang.com/d/legacy-js-api

DEPRECATION WARNING [legacy-js-api]: The legacy JS API is deprecated and will be removed in Dart Sass 2.0.0.

More info: https://sass-lang.com/d/legacy-js-api

DEPRECATION WARNING [legacy-js-api]: The legacy JS API is deprecated and will be removed in Dart Sass 2.0.0.

More info: https://sass-lang.com/d/legacy-js-api

DEPRECATION WARNING [legacy-js-api]: The legacy JS API is deprecated and will be removed in Dart Sass 2.0.0.

More info: https://sass-lang.com/d/legacy-js-api

DEPRECATION WARNING [legacy-js-api]: The legacy JS API is deprecated and will be removed in Dart Sass 2.0.0.

More info: https://sass-lang.com/d/legacy-js-api

DEPRECATION WARNING [legacy-js-api]: The legacy JS API is deprecated and will be removed in Dart Sass 2.0.0.

More info: https://sass-lang.com/d/legacy-js-api

DEPRECATION WARNING [legacy-js-api]: The legacy JS API is deprecated and will be removed in Dart Sass 2.0.0.

More info: https://sass-lang.com/d/legacy-js-api

DEPRECATION WARNING [legacy-js-api]: The legacy JS API is deprecated and will be removed in Dart Sass 2.0.0.

More info: https://sass-lang.com/d/legacy-js-api

DEPRECATION WARNING [legacy-js-api]: The legacy JS API is deprecated and will be removed in Dart Sass 2.0.0.

More info: https://sass-lang.com/d/legacy-js-api

DEPRECATION WARNING [legacy-js-api]: The legacy JS API is deprecated and will be removed in Dart Sass 2.0.0.

More info: https://sass-lang.com/d/legacy-js-api

DEPRECATION WARNING [legacy-js-api]: The legacy JS API is deprecated and will be removed in Dart Sass 2.0.0.

More info: https://sass-lang.com/d/legacy-js-api

DEPRECATION WARNING [legacy-js-api]: The legacy JS API is deprecated and will be removed in Dart Sass 2.0.0.

More info: https://sass-lang.com/d/legacy-js-api

DEPRECATION WARNING [legacy-js-api]: The legacy JS API is deprecated and will be removed in Dart Sass 2.0.0.

More info: https://sass-lang.com/d/legacy-js-api

DEPRECATION WARNING [legacy-js-api]: The legacy JS API is deprecated and will be removed in Dart Sass 2.0.0.

More info: https://sass-lang.com/d/legacy-js-api

DEPRECATION WARNING [legacy-js-api]: The legacy JS API is deprecated and will be removed in Dart Sass 2.0.0.

More info: https://sass-lang.com/d/legacy-js-api

DEPRECATION WARNING [legacy-js-api]: The legacy JS API is deprecated and will be removed in Dart Sass 2.0.0.

More info: https://sass-lang.com/d/legacy-js-api

DEPRECATION WARNING [legacy-js-api]: The legacy JS API is deprecated and will be removed in Dart Sass 2.0.0.

More info: https://sass-lang.com/d/legacy-js-api

DEPRECATION WARNING [legacy-js-api]: The legacy JS API is deprecated and will be removed in Dart Sass 2.0.0.

More info: https://sass-lang.com/d/legacy-js-api

DEPRECATION WARNING [legacy-js-api]: The legacy JS API is deprecated and will be removed in Dart Sass 2.0.0.

More info: https://sass-lang.com/d/legacy-js-api

DEPRECATION WARNING [legacy-js-api]: The legacy JS API is deprecated and will be removed in Dart Sass 2.0.0.

More info: https://sass-lang.com/d/legacy-js-api

DEPRECATION WARNING [legacy-js-api]: The legacy JS API is deprecated and will be removed in Dart Sass 2.0.0.

More info: https://sass-lang.com/d/legacy-js-api

DEPRECATION WARNING [legacy-js-api]: The legacy JS API is deprecated and will be removed in Dart Sass 2.0.0.

More info: https://sass-lang.com/d/legacy-js-api

DEPRECATION WARNING [legacy-js-api]: The legacy JS API is deprecated and will be removed in Dart Sass 2.0.0.

More info: https://sass-lang.com/d/legacy-js-api

DEPRECATION WARNING [legacy-js-api]: The legacy JS API is deprecated and will be removed in Dart Sass 2.0.0.

More info: https://sass-lang.com/d/legacy-js-api

DEPRECATION WARNING [legacy-js-api]: The legacy JS API is deprecated and will be removed in Dart Sass 2.0.0.

More info: https://sass-lang.com/d/legacy-js-api

DEPRECATION WARNING [legacy-js-api]: The legacy JS API is deprecated and will be removed in Dart Sass 2.0.0.

More info: https://sass-lang.com/d/legacy-js-api

DEPRECATION WARNING [legacy-js-api]: The legacy JS API is deprecated and will be removed in Dart Sass 2.0.0.

More info: https://sass-lang.com/d/legacy-js-api

DEPRECATION WARNING [legacy-js-api]: The legacy JS API is deprecated and will be removed in Dart Sass 2.0.0.

More info: https://sass-lang.com/d/legacy-js-api

DEPRECATION WARNING [legacy-js-api]: The legacy JS API is deprecated and will be removed in Dart Sass 2.0.0.

More info: https://sass-lang.com/d/legacy-js-api

DEPRECATION WARNING [legacy-js-api]: The legacy JS API is deprecated and will be removed in Dart Sass 2.0.0.

More info: https://sass-lang.com/d/legacy-js-api

DEPRECATION WARNING [legacy-js-api]: The legacy JS API is deprecated and will be removed in Dart Sass 2.0.0.

More info: https://sass-lang.com/d/legacy-js-api

DEPRECATION WARNING [legacy-js-api]: The legacy JS API is deprecated and will be removed in Dart Sass 2.0.0.

More info: https://sass-lang.com/d/legacy-js-api

DEPRECATION WARNING [legacy-js-api]: The legacy JS API is deprecated and will be removed in Dart Sass 2.0.0.

More info: https://sass-lang.com/d/legacy-js-api

DEPRECATION WARNING [legacy-js-api]: The legacy JS API is deprecated and will be removed in Dart Sass 2.0.0.

More info: https://sass-lang.com/d/legacy-js-api

DEPRECATION WARNING [legacy-js-api]: The legacy JS API is deprecated and will be removed in Dart Sass 2.0.0.

More info: https://sass-lang.com/d/legacy-js-api

DEPRECATION WARNING [legacy-js-api]: The legacy JS API is deprecated and will be removed in Dart Sass 2.0.0.

More info: https://sass-lang.com/d/legacy-js-api

DEPRECATION WARNING [legacy-js-api]: The legacy JS API is deprecated and will be removed in Dart Sass 2.0.0.

More info: https://sass-lang.com/d/legacy-js-api

src/views/BatchDailyTasks.vue (3958:15): Error when using sourcemap for reporting an error: Can't resolve original location of error.
src/views/BatchDailyTasks.vue (3958:15): Use of eval in "src/views/BatchDailyTasks.vue" is strongly discouraged as it poses security risks and may cause issues with minification.
src/views/BatchDailyTasks.vue (7522:21): Error when using sourcemap for reporting an error: Can't resolve original location of error.
src/views/BatchDailyTasks.vue (7522:21): Use of eval in "src/views/BatchDailyTasks.vue" is strongly discouraged as it poses security risks and may cause issues with minification.
src/views/BatchDailyTasks.vue (8207:23): Error when using sourcemap for reporting an error: Can't resolve original location of error.
src/views/BatchDailyTasks.vue (8207:23): Use of eval in "src/views/BatchDailyTasks.vue" is strongly discouraged as it poses security risks and may cause issues with minification.
[unocss] The container query rule is experimental and may not follow semver.
[1m[33m[plugin:vite:reporter][39m[22m [33m[plugin vite:reporter] 
(!) D:/xyzw_web_helper-main/src/utils/batch/tasksHangUp.js is dynamically imported by D:/xyzw_web_helper-main/src/components/TokenCard.vue but also statically imported by D:/xyzw_web_helper-main/src/utils/batch/index.js, dynamic import will not move module into another chunk.
[39m
[1m[33m[plugin:vite:reporter][39m[22m [33m[plugin vite:reporter] 
(!) D:/xyzw_web_helper-main/src/stores/tokenStore.ts is dynamically imported by D:/xyzw_web_helper-main/src/stores/events/role.ts, D:/xyzw_web_helper-main/src/stores/events/study.ts, D:/xyzw_web_helper-main/src/stores/events/study.ts, D:/xyzw_web_helper-main/src/stores/events/study.ts, D:/xyzw_web_helper-main/src/stores/events/study.ts, D:/xyzw_web_helper-main/src/stores/events/study.ts, D:/xyzw_web_helper-main/src/stores/events/tower.ts but also statically imported by D:/xyzw_web_helper-main/src/components/Club/CarScoreInfo.vue, D:/xyzw_web_helper-main/src/components/Club/ClubBattleRecords.vue, D:/xyzw_web_helper-main/src/components/Club/ClubHistoryRecords.vue, D:/xyzw_web_helper-main/src/components/Club/ClubInfo.vue, D:/xyzw_web_helper-main/src/components/Club/ClubMonthBattleRecords.vue, D:/xyzw_web_helper-main/src/components/Club/ClubWarrank.vue, D:/xyzw_web_helper-main/src/components/Club/ClubWeirdTowerInfo.vue, D:/xyzw_web_helper-main/src/components/Club/GreatRouteRankListPageCard.vue, D:/xyzw_web_helper-main/src/components/Club/LegionWarMap.vue, D:/xyzw_web_helper-main/src/components/Club/LegionWarStatistics.vue, D:/xyzw_web_helper-main/src/components/Club/PeachBattleRecords.vue, D:/xyzw_web_helper-main/src/components/Club/PeachInfo.vue, D:/xyzw_web_helper-main/src/components/ClubCarKing.vue, D:/xyzw_web_helper-main/src/components/Common/IdentityCard.vue?vue&type=script&setup=true&lang.ts, D:/xyzw_web_helper-main/src/components/Daily/DailyTaskStatus.vue, D:/xyzw_web_helper-main/src/components/GameStatus.vue, D:/xyzw_web_helper-main/src/components/Team/TeamFormation.vue?vue&type=script&setup=true&lang.ts, D:/xyzw_web_helper-main/src/components/Test/MessageTester.vue, D:/xyzw_web_helper-main/src/components/Test/WebSocketTester.vue, D:/xyzw_web_helper-main/src/components/TokenCard.vue, D:/xyzw_web_helper-main/src/components/TokenManager.vue, D:/xyzw_web_helper-main/src/components/Tower/BossTower.vue, D:/xyzw_web_helper-main/src/components/Tower/TowerStatus.vue, D:/xyzw_web_helper-main/src/components/Tower/WeirdTowerStatus.vue, D:/xyzw_web_helper-main/src/components/cards/BottleHelperCard.vue, D:/xyzw_web_helper-main/src/components/cards/BoxHelperCard.vue, D:/xyzw_web_helper-main/src/components/cards/ConsumeActivityCard.vue, D:/xyzw_web_helper-main/src/components/cards/DreamHelperCard.vue, D:/xyzw_web_helper-main/src/components/cards/FightHelperCard.vue, D:/xyzw_web_helper-main/src/components/cards/FightPvp.vue, D:/xyzw_web_helper-main/src/components/cards/FishHelperCard.vue, D:/xyzw_web_helper-main/src/components/cards/GoldRankListPageCard.vue, D:/xyzw_web_helper-main/src/components/cards/HangUpStatusCard.vue, D:/xyzw_web_helper-main/src/components/cards/HeroUpgradeCard.vue, D:/xyzw_web_helper-main/src/components/cards/MonthlyTasksCard.vue, D:/xyzw_web_helper-main/src/components/cards/NightmareChallengeCard.vue, D:/xyzw_web_helper-main/src/components/cards/NightmarePreset.vue, D:/xyzw_web_helper-main/src/components/cards/RecruitHelperCard.vue, D:/xyzw_web_helper-main/src/components/cards/RefineHelperCard.vue, D:/xyzw_web_helper-main/src/components/cards/ServerRankListPageCard.vue, D:/xyzw_web_helper-main/src/components/cards/SkinChallengeCard.vue, D:/xyzw_web_helper-main/src/components/cards/StarChallengeCard.vue, D:/xyzw_web_helper-main/src/components/cards/StarTeamCard.vue, D:/xyzw_web_helper-main/src/components/cards/StarUpgradeCard.vue, D:/xyzw_web_helper-main/src/components/cards/StudyChallengeCard.vue, D:/xyzw_web_helper-main/src/components/cards/TopClubListPageCard.vue, D:/xyzw_web_helper-main/src/components/cards/TopRankListPageCard.vue, D:/xyzw_web_helper-main/src/components/cards/Unlimitedlineup.vue, D:/xyzw_web_helper-main/src/layout/DefaultLayout.vue, D:/xyzw_web_helper-main/src/router/index.js, D:/xyzw_web_helper-main/src/stores/legionWarStore.js, D:/xyzw_web_helper-main/src/utils/dailyTaskRunner.js, D:/xyzw_web_helper-main/src/views/BatchDailyTasks.vue, D:/xyzw_web_helper-main/src/views/DailyTasks.vue, D:/xyzw_web_helper-main/src/views/Dashboard.vue, D:/xyzw_web_helper-main/src/views/GameFeatures.vue, D:/xyzw_web_helper-main/src/views/GameLogin.vue, D:/xyzw_web_helper-main/src/views/LegionWar.vue, D:/xyzw_web_helper-main/src/views/NightmareBattle.vue, D:/xyzw_web_helper-main/src/views/TokenImport/bin.vue?vue&type=script&setup=true&lang.ts, D:/xyzw_web_helper-main/src/views/TokenImport/index.vue, D:/xyzw_web_helper-main/src/views/TokenImport/manual.vue?vue&type=script&setup=true&lang.ts, D:/xyzw_web_helper-main/src/views/TokenImport/singlebin.vue?vue&type=script&setup=true&lang.ts, D:/xyzw_web_helper-main/src/views/TokenImport/url.vue?vue&type=script&setup=true&lang.ts, D:/xyzw_web_helper-main/src/views/TokenImport/wxqrcode.vue?vue&type=script&setup=true&lang.ts, dynamic import will not move module into another chunk.
[39m
[33m
(!) Some chunks are larger than 500 kB after minification. Consider:
- Using dynamic import() to code-split the application
- Use build.rollupOptions.output.manualChunks to improve chunking: https://rollupjs.org/configuration-options/#output-manualchunks
- Adjust chunk size limit for this warning via build.chunkSizeWarningLimit.[39m
   Compiling 肝王之王 v2.44.0 (D:\xyzw_web_helper-main\src-tauri)
warning: unused import: `tauri::Manager`
 --> src\lib.rs:1:5
  |
1 | use tauri::Manager;
  |     ^^^^^^^^^^^^^^
  |
  = note: `#[warn(unused_imports)]` (part of `#[warn(unused)]`) on by default

warning: `肝王之王` (lib) generated 1 warning (run `cargo fix --lib -p 肝王之王` to apply 1 suggestion)
    Finished `release` profile [optimized] target(s) in 57.12s
       Built application at: D:\xyzw_web_helper-main\src-tauri\target\release\肝王之王.exe
        Info Patching D:\xyzw_web_helper-main\src-tauri\target\release\肝王之王.exe with bundle type information: nsis
        Info Target: x64
     Running makensis to produce D:\xyzw_web_helper-main\src-tauri\target\release\bundle\nsis\肝王之王_2.44.0_x64-setup.exe
    Finished 1 bundle at:
        D:\xyzw_web_helper-main\src-tauri\target\release\bundle\nsis\肝王之王_2.44.0_x64-setup.exe

